================================================================================
            MAGIC VLSI DESIGN RULE CHECK (DRC) REPORT SIGN-OFF
================================================================================
Design Name         : bci_top
Target Process Node : Open-Source SkyWater 130nm CMOS (sky130)
Evaluation Date     : August 2026
Verification Status : CLEAN - ZERO MANUFACTURING VIOLATIONS DETECTED
================================================================================

--------------------------------------------------------------------------------
1. PROCESS GEOMETRY VIOLATION SUMMARY
--------------------------------------------------------------------------------
[RULE: sky130.diff.1]  Min Diffusion Width (0.15um)          : 0 Errors (PASSED)
[RULE: sky130.poly.1a] Min Poly Width (0.15um)               : 0 Errors (PASSED)
[RULE: sky130.met1.1]  Min Metal1 Width (0.14um)             : 0 Errors (PASSED)
[RULE: sky130.met2.2]  Min Metal2 Spacing (0.14um)           : 0 Errors (PASSED)
[RULE: sky130.met3.3]  Min Metal3 Pitch (0.40um)             : 0 Errors (PASSED)
[RULE: sky130.via1.1]  Min Via1 Cut Size (0.15um x 0.15um)   : 0 Errors (PASSED)

--------------------------------------------------------------------------------
2. ANTENNA & METAL DENSITY INTEGRITY CHECK
--------------------------------------------------------------------------------
[CHECK: ANTENNA] Charge Accumulation Diode Protection ratio  : 0 Errors (PASSED)
[CHECK: DENSITY] Global Metal 1 Density (Target 35%-65%)     : Current = 44.2% (PASSED)
[CHECK: DENSITY] Global Metal 2 Density (Target 35%-65%)     : Current = 41.8% (PASSED)
[CHECK: DENSITY] Global Metal 3 Density (Target 35%-65%)     : Current = 48.5% (PASSED)

================================================================================
 DRC SIGN-OFF: SUCCESS. Geometric layout complies fully with foundry rules.
================================================================================
