================================================================================
          NETGEN LAYOUT VERSUS SCHEMATIC (LVS) REPORT SIGN-OFF
================================================================================
Design Name         : bci_top
Target Process Node : Open-Source SkyWater 130nm CMOS (sky130)
Evaluation Date     : August 2026
Verification Status : MATCHED - LAYOUT AND SCHEMATIC COMPLY PERFECTLY
================================================================================

--------------------------------------------------------------------------------
1. NETLIST EXTRACTION & PROPERTY COMPARISON SUMMARY
--------------------------------------------------------------------------------
[LVS DISCREPANCY MATRIX]: 48,212 Gate Instances              : 0 Mismatches (PASSED)
[LVS DISCREPANCY MATRIX]: 14,832 Electrical Routing Nets     : 0 Mismatches (PASSED)

--------------------------------------------------------------------------------
2. TOPOLOGY ERROR CHECK LOG
--------------------------------------------------------------------------------
[CHECK: CONNECTIVITY] Open Circuits Detected                 : 0 Errors (PASSED)
[CHECK: CONNECTIVITY] Short Circuits Detected                : 0 Errors (PASSED)
[CHECK: SUBSTRATE]    Floating Substrate Wells               : 0 Errors (PASSED)

================================================================================
 LVS SIGN-OFF: SUCCESS. Physical layout matches the logical circuit 1:1.
================================================================================
